
> pump-iot-web-monorepo@0.0.0 build C:\Users\ji.munoz\Desktop\proyectos\Flowserve\pump-iot-web
> turbo build

node.exe : ÔÇó turbo 2.7.5
En C:\Users\ji.munoz\AppData\Roaming\npm\pnpm.ps1: 24 Carácter: 5
+     & "node$exe"  "$basedir/node_modules/pnpm/bin/pnpm.cjs" $args
+     ~~~~~~~~~~~~~~~~~~~~~~~~~~~~~~~~~~~~~~~~~~~~~~~~~~~~~~~~~~~~~
    + CategoryInfo          : NotSpecified: (ÔÇó turbo 2.7.5:String) [], RemoteException
    + FullyQualifiedErrorId : NativeCommandError
 
ÔÇó Packages in scope: @pump-iot/core, @pump-iot/operator, @pump-iot/supervisor, @pump-iot/ui
ÔÇó Running build in 4 packages
ÔÇó Remote caching disabled
@pump-iot/supervisor:build: cache miss, executing 2d08c15ab0a10d1d
@pump-iot/operator:build: cache hit, replaying logs b29d14cdcec47b2f
@pump-iot/operator:build: 
@pump-iot/operator:build: > @pump-iot/operator@0.0.0 build C:\Users\ji.munoz\Desktop\proyectos\Flowserve\pump-iot-web\apps\operator
@pump-iot/operator:build: > vite build
@pump-iot/operator:build: 
@pump-iot/operator:build: [36mvite v5.4.21 [32mbuilding for production...[36m[39m
@pump-iot/operator:build: transforming...
@pump-iot/operator:build: [32mÔ£ô[39m 3523 modules transformed.
@pump-iot/operator:build: rendering chunks...
@pump-iot/operator:build: computing gzip size...
@pump-iot/operator:build: [2mdist/[22m[32mindex.html                 [39m[1m[2m    1.17 kB[22m[1m[22m[2m Ôöé gzip:   0.50 kB[22m
@pump-iot/operator:build: [33m
@pump-iot/operator:build: [2mdist/[22m[35massets/index-D0dQLpvn.css  [39m[1m[2m   73.27 kB[22m[1m[22m[2m Ôöé gzip:  12.71 kB[22m
@pump-iot/operator:build: [2mdist/[22m[36massets/index-qqFouzTl.js   [39m[1m[33m1,873.46 kB[39m[22m[2m Ôöé gzip: 531.37 kB[22m
@pump-iot/operator:build: [32mÔ£ô built in 21.65s[39m
@pump-iot/operator:build: (!) Some chunks are larger than 500 kB after minification. Consider:
@pump-iot/operator:build: - Using dynamic import() to code-split the application
@pump-iot/operator:build: - Use build.rollupOptions.output.manualChunks to improve chunking: https://rollupjs.org/configuration-options/#output-manualchunks
@pump-iot/operator:build: - Adjust chunk size limit for this warning via build.chunkSizeWarningLimit.[39m
@pump-iot/supervisor:build: 
@pump-iot/supervisor:build: > @pump-iot/supervisor@0.1.0 build C:\Users\ji.munoz\Desktop\proyectos\Flowserve\pump-iot-web\apps\supervisor
@pump-iot/supervisor:build: > next build
@pump-iot/supervisor:build: 
@pump-iot/supervisor:build: Ôû▓ Next.js 16.1.1 (Turbopack)
@pump-iot/supervisor:build: 
@pump-iot/supervisor:build:   Creating an optimized production build ...
@pump-iot/supervisor:build: Ô£ô Compiled successfully in 11.9s
@pump-iot/supervisor:build:   Running TypeScript ...
@pump-iot/supervisor:build: Failed to compile.
@pump-iot/supervisor:build: 
@pump-iot/supervisor:build: ./src/app/supervisor/user-management/components/user-form-dialog.tsx:60:27
@pump-iot/supervisor:build: Type error: No overload matches this call.
@pump-iot/supervisor:build:   Overload 1 of 4, '(schema: Zod3Type<{ username: string; email: string; role: "supervisor" | "operario"; isActive: boolean; password?: string | undefined; }, { username: string; email: string; role: "supervisor" | "operario"; isActive: boolean; password?: string | undefined; }>, schemaOptions?: ParseParams | undefined, resolverOptions?: NonRawResolverOptions | undefined): Resolver<...>', gave the following error.
@pump-iot/supervisor:build:     Argument of type 'ZodObject<{ username: ZodString; email: ZodString; role: ZodEnum<{ supervisor: "supervisor"; operario: "operario"; }>; isActive: ZodBoolean; password: ZodOptional<...>; }, $strip>' is not assignable to parameter of type 'Zod3Type<{ username: string; email: string; role: "supervisor" | "operario"; isActive: boolean; password?: string | undefined; }, { username: string; email: string; role: "supervisor" | "operario"; isActive: boolean; password?: string | undefined; }>'.
@pump-iot/supervisor:build:       Types of property '_def' are incompatible.
@pump-iot/supervisor:build:         Property 'typeName' is missing in type '$ZodObjectDef<{ username: ZodString; email: ZodString; role: ZodEnum<{ supervisor: "supervisor"; operario: "operario"; }>; isActive: ZodBoolean; password: ZodOptional<...>; }>' but required in type '{ typeName: string; }'.
@pump-iot/supervisor:build:   Overload 2 of 4, '(schema: $ZodType<unknown, FieldValues, $ZodTypeInternals<unknown, FieldValues>>, schemaOptions?: ParseContext<$ZodIssue> | undefined, resolverOptions?: NonRawResolverOptions | undefined): Resolver<...>', gave the following error.
@pump-iot/supervisor:build:     Argument of type 'ZodObject<{ username: ZodString; email: ZodString; role: ZodEnum<{ supervisor: "supervisor"; operario: "operario"; }>; isActive: ZodBoolean; password: ZodOptional<...>; }, $strip>' is not assignable to parameter of type '$ZodType<unknown, FieldValues, $ZodTypeInternals<unknown, FieldValues>>'.
@pump-iot/supervisor:build:       The types of '_zod.version.minor' are incompatible between these types.
@pump-iot/supervisor:build:         Type '3' is not assignable to type '0'.
@pump-iot/supervisor:build: 
@pump-iot/supervisor:build: [0m [90m 58 |[39m }[33m:[39m [33mUserFormDialogProps[39m) {
@pump-iot/supervisor:build:  [90m 59 |[39m   [36mconst[39m form [33m=[39m useForm[33m<[39m[33mUserFormValues[39m[33m>[39m({
@pump-iot/supervisor:build: [31m[1m>[22m[39m[90m 60 |[39m     resolver[33m:[39m zodResolver(userSchema)[33m,[39m
@pump-iot/supervisor:build:  [90m    |[39m                           [31m[1m^[22m[39m
@pump-iot/supervisor:build:  [90m 61 |[39m     defaultValues[33m:[39m {
@pump-iot/supervisor:build:  [90m 62 |[39m       username[33m:[39m [32m""[39m[33m,[39m
@pump-iot/supervisor:build:  [90m 63 |[39m       email[33m:[39m [32m""[39m[33m,[39m[0m
@pump-iot/supervisor:build: Next.js build worker exited with code: 1 and signal: null
@pump-iot/supervisor:build: ÔÇëELIFECYCLEÔÇë Command failed with exit code 1.
@pump-iot/supervisor:build: ERROR: command finished with error: command (C:\Users\ji.munoz\Desktop\proyectos\Flowserve\pump-iot-web\apps\supervisor) 
C:\Users\ji.munoz\AppData\Local\pnpm\.tools\pnpm\9.15.4\bin\pnpm.CMD run build exited (1)
@pump-iot/supervisor#build: command (C:\Users\ji.munoz\Desktop\proyectos\Flowserve\pump-iot-web\apps\supervisor) C:\Users\ji.munoz\AppData\Local\pnpm\.tools\pnpm\9.15.4\bin\pnpm.CMD run build 
exited (1)

 Tasks:    1 successful, 2 total
Cached:    1 cached, 2 total
  Time:    37.206s 
Failed:    @pump-iot/supervisor#build

 ERROR  run failed: command  exited (1)
ÔÇëELIFECYCLEÔÇë Command failed with exit code 1.
